16:39:18 **** Incremental Build of configuration Debug for project CanbusAdc ****
make -j16 all 
arm-none-eabi-gcc "../Core/Src/main.c" -mcpu=cortex-m3 -std=gnu11 -g3 -DDEBUG -DUSE_HAL_DRIVER -DSTM32F103x6 -c -I../Core/Inc -I../Drivers/STM32F1xx_HAL_Driver/Inc/Legacy -I../Drivers/STM32F1xx_HAL_Driver/Inc -I../Drivers/CMSIS/Device/ST/STM32F1xx/Include -I../Drivers/CMSIS/Include -O0 -ffunction-sections -fdata-sections -Wall -fstack-usage -fcyclomatic-complexity -MMD -MP -MF"Core/Src/main.d" -MT"Core/Src/main.o" --specs=nano.specs -mfloat-abi=soft -mthumb -o "Core/Src/main.o"
../Core/Src/main.c: In function 'main':
../Core/Src/main.c:125:45: warning: passing argument 2 of 'HAL_ADC_Start_DMA' from incompatible pointer type [-Wincompatible-pointer-types]
  125 |                   HAL_ADC_Start_DMA(&hadc1, &adcData, 1);
      |                                             ^~~~~~~~
      |                                             |
      |                                             uint8_t * {aka unsigned char *}
In file included from ../Core/Inc/stm32f1xx_hal_conf.h:274,
                 from ../Drivers/STM32F1xx_HAL_Driver/Inc/stm32f1xx_hal.h:29,
                 from ../Core/Inc/main.h:30,
                 from ../Core/Src/main.c:20:
../Drivers/STM32F1xx_HAL_Driver/Inc/stm32f1xx_hal_adc.h:928:78: note: expected 'uint32_t *' {aka 'long unsigned int *'} but argument is of type 'uint8_t *' {aka 'unsigned char *'}
  928 | HAL_StatusTypeDef       HAL_ADC_Start_DMA(ADC_HandleTypeDef* hadc, uint32_t* pData, uint32_t Length);
      |                                                                    ~~~~~~~~~~^~~~~
arm-none-eabi-gcc -o "CanbusAdc.elf" @"objects.list"   -mcpu=cortex-m3 -T"C:\Users\umut3\STM32CubeIDE\Canbus\CanbusAdc\STM32F103C6TX_FLASH.ld" --specs=nosys.specs -Wl,-Map="CanbusAdc.map" -Wl,--gc-sections -static --specs=nano.specs -mfloat-abi=soft -mthumb -Wl,--start-group -lc -lm -Wl,--end-group
Finished building target: CanbusAdc.elf
 
arm-none-eabi-size  CanbusAdc.elf 
arm-none-eabi-objdump -h -S CanbusAdc.elf  > "CanbusAdc.list"
   text	   data	    bss	    dec	    hex	filename
  10412	     20	   1732	  12164	   2f84	CanbusAdc.elf
Finished building: default.size.stdout
 
Finished building: CanbusAdc.list
 

16:39:19 Build Finished. 0 errors, 1 warnings. (took 1s.40ms)

