19:19:25 **** Incremental Build of configuration Debug for project CanbusAdc2 ****
make -j16 all 
arm-none-eabi-gcc "../Core/Src/main.c" -mcpu=cortex-m3 -std=gnu11 -g3 -DDEBUG -DUSE_HAL_DRIVER -DSTM32F103x6 -c -I../Core/Inc -I../Drivers/STM32F1xx_HAL_Driver/Inc/Legacy -I../Drivers/STM32F1xx_HAL_Driver/Inc -I../Drivers/CMSIS/Device/ST/STM32F1xx/Include -I../Drivers/CMSIS/Include -O0 -ffunction-sections -fdata-sections -Wall -fstack-usage -fcyclomatic-complexity -MMD -MP -MF"Core/Src/main.d" -MT"Core/Src/main.o" --specs=nano.specs -mfloat-abi=soft -mthumb -o "Core/Src/main.o"
../Core/Src/main.c: In function 'main':
../Core/Src/main.c:133:17: warning: passing argument 1 of 'lcd_send_data' makes integer from pointer without a cast [-Wint-conversion]
  133 |   lcd_send_data("CAN BUS");
      |                 ^~~~~~~~~
      |                 |
      |                 char *
In file included from ../Core/Src/main.c:25:
../Core/Inc/i2c-lcd.h:7:26: note: expected 'char' but argument is of type 'char *'
    7 | void lcd_send_data (char data);  // send data to the lcd
      |                     ~~~~~^~~~
arm-none-eabi-gcc -o "CanbusAdc2.elf" @"objects.list"   -mcpu=cortex-m3 -T"C:\Users\umut3\STM32CubeIDE\Canbus\CanbusAdc2\STM32F103C6TX_FLASH.ld" --specs=nosys.specs -Wl,-Map="CanbusAdc2.map" -Wl,--gc-sections -static --specs=nano.specs -mfloat-abi=soft -mthumb -Wl,--start-group -lc -lm -Wl,--end-group
Finished building target: CanbusAdc2.elf
 
arm-none-eabi-size  CanbusAdc2.elf 
arm-none-eabi-objdump -h -S CanbusAdc2.elf  > "CanbusAdc2.list"
   text	   data	    bss	    dec	    hex	filename
  12788	     20	   1836	  14644	   3934	CanbusAdc2.elf
Finished building: default.size.stdout
 
Finished building: CanbusAdc2.list
 

19:19:26 Build Finished. 0 errors, 1 warnings. (took 1s.323ms)

